---
source: wrapped-fungible/src/service.rs
expression: service.schema().sdl()
---
"""
A unique identifier for a user or an application.
"""
scalar AccountOwner

"""
A unique identifier for a user application
"""
scalar ApplicationId

"""
The unique identifier (UID) of a chain. This is currently computed as the hash value of a ChainDescription.
"""
scalar ChainId

"""
A GraphQL-visible map item, complete with key.
"""
type Entry_AccountOwner_U128_71141611 {
	key: AccountOwner!
	value: U128
}

"""
A GraphQL-visible map item, complete with key.
"""
type Entry_OwnerSpender_U128_5bd4c312 {
	key: OwnerSpender!
	value: U128
}

"""
An account.
"""
input FungibleAccount {
	"""
	Chain ID of the account
	"""
	chainId: ChainId!
	"""
	Owner of the account
	"""
	owner: AccountOwner!
}

input MapFilters_AccountOwner_d6668c53 {
	keys: [AccountOwner!]
}

input MapFilters_OwnerSpender_45d07df5 {
	keys: [OwnerSpender!]
}

input MapInput_AccountOwner_d6668c53 {
	filters: MapFilters_AccountOwner_d6668c53
}

input MapInput_OwnerSpender_45d07df5 {
	filters: MapFilters_OwnerSpender_45d07df5
}

type MapView_AccountOwner_U128_16c54081 {
	keys(count: Int): [AccountOwner!]!
	count: Int!
	entry(key: AccountOwner!): Entry_AccountOwner_U128_71141611!
	entries(input: MapInput_AccountOwner_d6668c53): [Entry_AccountOwner_U128_71141611!]!
}

type MapView_OwnerSpender_U128_ebd74418 {
	keys(count: Int): [OwnerSpender!]!
	count: Int!
	entry(key: OwnerSpender!): Entry_OwnerSpender_U128_5bd4c312!
	entries(input: MapInput_OwnerSpender_45d07df5): [Entry_OwnerSpender_U128_5bd4c312!]!
}

scalar OwnerSpender

"""
A 128-bit unsigned integer.
"""
scalar U128

type WrappedFungibleOperationMutationRoot {
	balance(owner: AccountOwner!): [Int!]!
	tickerSymbol: [Int!]!
	approve(owner: AccountOwner!, spender: AccountOwner!, allowance: U128!): [Int!]!
	transfer(owner: AccountOwner!, amount: U128!, targetAccount: FungibleAccount!): [Int!]!
	transferFrom(owner: AccountOwner!, spender: AccountOwner!, amount: U128!, targetAccount: FungibleAccount!): [Int!]!
	claim(sourceAccount: FungibleAccount!, amount: U128!, targetAccount: FungibleAccount!): [Int!]!
	mint(targetAccount: FungibleAccount!, amount: U128!): [Int!]!
	burn(owner: AccountOwner!, amount: U128!): [Int!]!
	registerAuthorizedCaller(appId: ApplicationId!): [Int!]!
}

type WrappedFungibleTokenService {
	accounts: MapView_AccountOwner_U128_16c54081!
	allowances: MapView_OwnerSpender_U128_ebd74418!
	tickerSymbol: String!
	"""
	The number of decimal places used by the source ERC-20.
	"""
	decimals: Int!
	"""
	The ERC-20 token address on the source EVM chain (hex-encoded).
	"""
	evmTokenAddress: String!
	"""
	The EVM chain ID of the source chain.
	"""
	evmSourceChainId: Int!
}

"""
Directs the executor to include this field or fragment only when the `if` argument is true.
"""
directive @include(if: Boolean!) on FIELD | FRAGMENT_SPREAD | INLINE_FRAGMENT
"""
Directs the executor to skip this field or fragment when the `if` argument is true.
"""
directive @skip(if: Boolean!) on FIELD | FRAGMENT_SPREAD | INLINE_FRAGMENT
schema {
	query: WrappedFungibleTokenService
	mutation: WrappedFungibleOperationMutationRoot
}
