---
source: matching-engine/tests/format.rs
expression: "MatchingEngineApplication::formats().unwrap()"
---
REGISTRY:
  AccountOwner:
    ENUM:
      0:
        Reserved:
          NEWTYPE: U8
      1:
        Address32:
          NEWTYPE:
            TYPENAME: CryptoHash
      2:
        Address20:
          NEWTYPE:
            TUPLEARRAY:
              CONTENT: U8
              SIZE: 20
  Amount:
    NEWTYPESTRUCT: U128
  ApplicationId:
    STRUCT:
      - application_description_hash:
          TYPENAME: CryptoHash
  CryptoHash:
    NEWTYPESTRUCT:
      TUPLEARRAY:
        CONTENT: U8
        SIZE: 32
  Message:
    ENUM:
      0:
        ExecuteOrder:
          STRUCT:
            - order:
                TYPENAME: Order
  Operation:
    ENUM:
      180705481:
        CloseChain: UNIT
      248831914:
        ExecuteOrder:
          STRUCT:
            - order:
                TYPENAME: Order
  Order:
    ENUM:
      0:
        Insert:
          STRUCT:
            - owner:
                TYPENAME: AccountOwner
            - quantity:
                TYPENAME: Amount
            - nature:
                TYPENAME: OrderNature
            - price:
                TYPENAME: Price
      1:
        Cancel:
          STRUCT:
            - owner:
                TYPENAME: AccountOwner
            - order_id: U64
      2:
        Modify:
          STRUCT:
            - owner:
                TYPENAME: AccountOwner
            - order_id: U64
            - reduce_quantity:
                TYPENAME: Amount
  OrderNature:
    ENUM:
      0:
        Bid: UNIT
      1:
        Ask: UNIT
  Parameters:
    STRUCT:
      - tokens:
          TUPLEARRAY:
            CONTENT:
              TYPENAME: ApplicationId
            SIZE: 2
      - price_decimals: U16
  Price:
    STRUCT:
      - price: U64
OPERATION:
  TYPENAME: Operation
RESPONSE: UNIT
MESSAGE:
  TYPENAME: Message
EVENT_VALUE: UNIT
