---
source: native-fungible/tests/format.rs
expression: "NativeFungibleApplication::pruned_formats().unwrap()"
---
REGISTRY:
  Account:
    STRUCT:
      - chain_id:
          TYPENAME: ChainId
      - owner:
          TYPENAME: AccountOwner
  AccountEntry:
    STRUCT:
      - key:
          TYPENAME: AccountOwner
      - value:
          TYPENAME: Amount
  ChainId:
    NEWTYPESTRUCT:
      TYPENAME: CryptoHash
  FungibleOperation:
    ENUM:
      142627141:
        TickerSymbol: UNIT
      144297355:
        Transfer:
          STRUCT:
            - owner:
                TYPENAME: AccountOwner
            - amount: U128
            - target_account:
                TYPENAME: Account
      158617459:
        Approve:
          STRUCT:
            - owner:
                TYPENAME: AccountOwner
            - spender:
                TYPENAME: AccountOwner
            - allowance: U128
      204322437:
        Claim:
          STRUCT:
            - source_account:
                TYPENAME: Account
            - amount: U128
            - target_account:
                TYPENAME: Account
      206964944:
        Balance:
          STRUCT:
            - owner:
                TYPENAME: AccountOwner
      214048906:
        TransferFrom:
          STRUCT:
            - owner:
                TYPENAME: AccountOwner
            - spender:
                TYPENAME: AccountOwner
            - amount: U128
            - target_account:
                TYPENAME: Account
  FungibleResponse:
    ENUM:
      142627141:
        TickerSymbol:
          NEWTYPE: STR
      206964944:
        Balance:
          NEWTYPE: U128
      211312752:
        Ok: UNIT
  Message:
    ENUM:
      0:
        Notify: UNIT
OPERATION:
  TYPENAME: FungibleOperation
RESPONSE:
  TYPENAME: FungibleResponse
MESSAGE:
  TYPENAME: Message
EVENT_VALUE: UNIT
