---
source: amm/src/service.rs
expression: service.schema().sdl()
---
"""
An account.
"""
input Account {
	"""
	The chain of the account.
	"""
	chainId: ChainId!
	"""
	The owner of the account.
	"""
	owner: AccountOwner!
}

"""
An account.
"""
type AccountOutput {
	"""
	The chain of the account.
	"""
	chainId: ChainId!
	"""
	The owner of the account.
	"""
	owner: AccountOwner!
}

"""
A unique identifier for a user or an application.
"""
scalar AccountOwner

type AmmState {
	shares: MapView_AccountOutput_Amount_d6d2d63e!
	totalSharesSupply: Amount!
}

"""
A non-negative amount of tokens.
"""
scalar Amount

"""
The unique identifier (UID) of a chain. This is currently computed as the hash value of a ChainDescription.
"""
scalar ChainId

"""
A GraphQL-visible map item, complete with key.
"""
type Entry_AccountOutput_Amount_eed88548 {
	key: AccountOutput!
	value: Amount
}

input MapFilters_Account_b5463aa1 {
	keys: [Account!]
}

input MapInput_Account_b5463aa1 {
	filters: MapFilters_Account_b5463aa1
}

type MapView_AccountOutput_Amount_d6d2d63e {
	keys(count: Int): [AccountOutput!]!
	count: Int!
	entry(key: Account!): Entry_AccountOutput_Amount_eed88548!
	entries(input: MapInput_Account_b5463aa1): [Entry_AccountOutput_Amount_eed88548!]!
}

type OperationMutationRoot {
	swap(owner: AccountOwner!, inputTokenIdx: Int!, inputAmount: Amount!): [Int!]!
	addLiquidity(owner: AccountOwner!, maxToken0Amount: Amount!, maxToken1Amount: Amount!): [Int!]!
	removeLiquidity(owner: AccountOwner!, tokenToRemoveIdx: Int!, tokenToRemoveAmount: Amount!): [Int!]!
	removeAllAddedLiquidity(owner: AccountOwner!): [Int!]!
	closeChain: [Int!]!
}

"""
Directs the executor to include this field or fragment only when the `if` argument is true.
"""
directive @include(if: Boolean!) on FIELD | FRAGMENT_SPREAD | INLINE_FRAGMENT
"""
Directs the executor to skip this field or fragment when the `if` argument is true.
"""
directive @skip(if: Boolean!) on FIELD | FRAGMENT_SPREAD | INLINE_FRAGMENT
schema {
	query: AmmState
	mutation: OperationMutationRoot
}
