---
source: ethereum-tracker/tests/format.rs
expression: "EthereumTrackerApplication::formats().unwrap()"
---
REGISTRY:
  InstantiationArgument:
    STRUCT:
      - ethereum_endpoint: STR
      - contract_address: STR
      - start_block: U64
  Operation:
    ENUM:
      0:
        Update:
          STRUCT:
            - to_block: U64
OPERATION:
  TYPENAME: Operation
RESPONSE: UNIT
MESSAGE: UNIT
EVENT_VALUE: UNIT
