---
source: cost-tracking/tests/cost_tracking_test.rs
expression: formatted
---
before_storage_read: 762
after_storage_read: 511
before_storage_write: 511
after_storage_write: 527
before_json_serialize: 1325
after_json_serialize: 3562
before_json_deserialize: 682
after_json_deserialize: 3123
before_bcs_serialize: 2151
after_bcs_serialize: 1552
before_bcs_deserialize: 2183
after_bcs_deserialize: 2345
before_bincode_serialize: 1267
after_bincode_serialize: 1338
before_bincode_deserialize: 1921
after_bincode_deserialize: 1412
before_chain_id: 2982
after_chain_id: 813
before_block_height: 482
after_block_height: 595
before_system_time: 495
after_system_time: 502
before_application_id: 478
after_application_id: 776
before_application_parameters: 469
after_application_parameters: 1190
before_string_concat: 444
after_string_concat: 113726
before_string_parse: 464
after_string_parse: 45535
before_vector_alloc: 725
after_vector_alloc: 31670
before_vector_sort: 3844
after_vector_sort: 39676
before_vector_sum: 427
after_vector_sum: 14559
before_map_insert: 623
after_map_insert: 1653
before_map_get: 399
after_map_get: 1942
before_map_contains_key: 468
after_map_contains_key: 1959
before_map_insert_10: 462
after_map_insert_10: 25118
before_map_remove: 512
after_map_remove: 2276
before_transfer: 596
after_transfer: 1009
before_send_message: 525
after_send_message: 2007
before_send_message_tracked: 447
after_send_message_tracked: 2051
end: 539
