---
source: task-processor/tests/format.rs
expression: "TaskProcessorApplication::pruned_formats().unwrap()"
---
REGISTRY:
  ChainId:
    NEWTYPESTRUCT:
      TYPENAME: CryptoHash
  TaskProcessorOperation:
    ENUM:
      0:
        RequestTask:
          STRUCT:
            - operator: STR
            - input: STR
      1:
        RequestTaskOn:
          STRUCT:
            - chain_id:
                TYPENAME: ChainId
            - operator: STR
            - input: STR
      2:
        StoreResult:
          STRUCT:
            - id: U64
            - result: STR
OPERATION:
  TYPENAME: TaskProcessorOperation
RESPONSE: UNIT
MESSAGE: UNIT
EVENT_VALUE: UNIT
