---
source: task-processor/tests/format.rs
expression: "TaskProcessorApplication::formats().unwrap()"
---
REGISTRY:
  ChainId:
    NEWTYPESTRUCT:
      TYPENAME: CryptoHash
  CryptoHash:
    NEWTYPESTRUCT:
      TUPLEARRAY:
        CONTENT: U8
        SIZE: 32
  TaskProcessorOperation:
    ENUM:
      0:
        RequestTask:
          STRUCT:
            - operator: STR
            - input: STR
      1:
        RequestTaskOn:
          STRUCT:
            - chain_id:
                TYPENAME: ChainId
            - operator: STR
            - input: STR
      2:
        StoreResult:
          STRUCT:
            - result: STR
OPERATION:
  TYPENAME: TaskProcessorOperation
RESPONSE: UNIT
MESSAGE: UNIT
EVENT_VALUE: UNIT
