---
source: game-of-life-challenge/tests/format.rs
expression: "GameOfLifeApplication::formats().unwrap()"
---
REGISTRY:
  Board:
    STRUCT:
      - size: U16
      - live_cells:
          SEQ:
            TYPENAME: Position
  CryptoHash:
    NEWTYPESTRUCT:
      TUPLEARRAY:
        CONTENT: U8
        SIZE: 32
  DataBlobHash:
    NEWTYPESTRUCT:
      TYPENAME: CryptoHash
  Message: UNITSTRUCT
  Operation:
    ENUM:
      0:
        SubmitSolution:
          STRUCT:
            - puzzle_id:
                TYPENAME: DataBlobHash
            - board:
                TYPENAME: Board
            - steps: U16
  Position:
    STRUCT:
      - x: U16
      - y: U16
OPERATION:
  TYPENAME: Operation
RESPONSE: UNIT
MESSAGE:
  TYPENAME: Message
EVENT_VALUE: UNIT
